Starting a Gradle Daemon, 1 busy Daemon could not be reused, use --status for details
> Task :compileJava UP-TO-DATE
> Task :processResources UP-TO-DATE
> Task :classes UP-TO-DATE
> Task :resolveMainClassName UP-TO-DATE

> Task :bootRun

  .   ____          _            __ _ _
 /\\ / ___'_ __ _ _(_)_ __  __ _ \ \ \ \
( ( )\___ | '_ | '_| | '_ \/ _` | \ \ \ \
 \\/  ___)| |_)| | | | | || (_| |  ) ) ) )
  '  |____| .__|_| |_|_| |_\__, | / / / /
 =========|_|==============|___/=/_/_/_/
 :: Spring Boot ::                (v3.2.1)

2025-11-23T06:46:09.399+09:00  INFO 15447 --- [rebuy-backend] [           main] com.rebuy.ReBuyApplication               : Starting ReBuyApplication using Java 17.0.15 with PID 15447 (/Users/leejeongmin/ReBuy/build/classes/java/main started by leejeongmin in /Users/leejeongmin/ReBuy)
2025-11-23T06:46:09.400+09:00  INFO 15447 --- [rebuy-backend] [           main] com.rebuy.ReBuyApplication               : No active profile set, falling back to 1 default profile: "default"
2025-11-23T06:46:09.886+09:00  INFO 15447 --- [rebuy-backend] [           main] .s.d.r.c.RepositoryConfigurationDelegate : Bootstrapping Spring Data JPA repositories in DEFAULT mode.
2025-11-23T06:46:09.995+09:00  INFO 15447 --- [rebuy-backend] [           main] .s.d.r.c.RepositoryConfigurationDelegate : Finished Spring Data repository scanning in 104 ms. Found 11 JPA repository interfaces.
2025-11-23T06:46:10.372+09:00  INFO 15447 --- [rebuy-backend] [           main] o.s.b.w.embedded.tomcat.TomcatWebServer  : Tomcat initialized with port 8080 (http)
2025-11-23T06:46:10.378+09:00  INFO 15447 --- [rebuy-backend] [           main] o.apache.catalina.core.StandardService   : Starting service [Tomcat]
2025-11-23T06:46:10.378+09:00  INFO 15447 --- [rebuy-backend] [           main] o.apache.catalina.core.StandardEngine    : Starting Servlet engine: [Apache Tomcat/10.1.17]
2025-11-23T06:46:10.416+09:00  INFO 15447 --- [rebuy-backend] [           main] o.a.c.c.C.[Tomcat].[localhost].[/]       : Initializing Spring embedded WebApplicationContext
2025-11-23T06:46:10.417+09:00  INFO 15447 --- [rebuy-backend] [           main] w.s.c.ServletWebServerApplicationContext : Root WebApplicationContext: initialization completed in 994 ms
2025-11-23T06:46:10.511+09:00  INFO 15447 --- [rebuy-backend] [           main] o.hibernate.jpa.internal.util.LogHelper  : HHH000204: Processing PersistenceUnitInfo [name: default]
2025-11-23T06:46:10.540+09:00  INFO 15447 --- [rebuy-backend] [           main] org.hibernate.Version                    : HHH000412: Hibernate ORM core version 6.4.1.Final
2025-11-23T06:46:10.557+09:00  INFO 15447 --- [rebuy-backend] [           main] o.h.c.internal.RegionFactoryInitiator    : HHH000026: Second-level cache disabled
2025-11-23T06:46:10.686+09:00  INFO 15447 --- [rebuy-backend] [           main] o.s.o.j.p.SpringPersistenceUnitInfo      : No LoadTimeWeaver setup: ignoring JPA class transformer
2025-11-23T06:46:10.701+09:00  INFO 15447 --- [rebuy-backend] [           main] com.zaxxer.hikari.HikariDataSource       : HikariPool-1 - Starting...
2025-11-23T06:46:10.803+09:00  INFO 15447 --- [rebuy-backend] [           main] com.zaxxer.hikari.pool.HikariPool        : HikariPool-1 - Added connection org.postgresql.jdbc.PgConnection@26d73519
2025-11-23T06:46:10.804+09:00  INFO 15447 --- [rebuy-backend] [           main] com.zaxxer.hikari.HikariDataSource       : HikariPool-1 - Start completed.
2025-11-23T06:46:11.584+09:00  INFO 15447 --- [rebuy-backend] [           main] o.h.e.t.j.p.i.JtaPlatformInitiator       : HHH000489: No JTA platform available (set 'hibernate.transaction.jta.platform' to enable JTA platform integration)
2025-11-23T06:46:11.701+09:00  INFO 15447 --- [rebuy-backend] [           main] j.LocalContainerEntityManagerFactoryBean : Initialized JPA EntityManagerFactory for persistence unit 'default'
2025-11-23T06:46:12.110+09:00  INFO 15447 --- [rebuy-backend] [           main] o.s.d.j.r.query.QueryEnhancerFactory     : Hibernate is in classpath; If applicable, HQL parser will be used.
2025-11-23T06:46:12.800+09:00  WARN 15447 --- [rebuy-backend] [           main] JpaBaseConfiguration$JpaWebConfiguration : spring.jpa.open-in-view is enabled by default. Therefore, database queries may be performed during view rendering. Explicitly configure spring.jpa.open-in-view to disable this warning
2025-11-23T06:46:13.007+09:00  INFO 15447 --- [rebuy-backend] [           main] o.s.s.web.DefaultSecurityFilterChain     : Will secure any request with [org.springframework.security.web.session.DisableEncodeUrlFilter@7a0ba5f0, org.springframework.security.web.context.request.async.WebAsyncManagerIntegrationFilter@386dd761, org.springframework.security.web.context.SecurityContextHolderFilter@557de967, org.springframework.security.web.header.HeaderWriterFilter@55cb0354, org.springframework.web.filter.CorsFilter@4d56bd3, org.springframework.security.web.authentication.logout.LogoutFilter@63838642, com.rebuy.global.security.JwtAuthenticationFilter@3f0751b0, org.springframework.security.web.savedrequest.RequestCacheAwareFilter@50e9b5f4, org.springframework.security.web.servletapi.SecurityContextHolderAwareRequestFilter@6470078d, org.springframework.security.web.authentication.AnonymousAuthenticationFilter@4ebd3d4c, org.springframework.security.web.session.SessionManagementFilter@3f8c91c5, org.springframework.security.web.access.ExceptionTranslationFilter@78e8594a, org.springframework.security.web.access.intercept.AuthorizationFilter@6288199]
2025-11-23T06:46:13.297+09:00  WARN 15447 --- [rebuy-backend] [           main] ConfigServletWebServerApplicationContext : Exception encountered during context initialization - cancelling refresh attempt: org.springframework.context.ApplicationContextException: Failed to start bean 'webServerStartStop'
2025-11-23T06:46:13.301+09:00  INFO 15447 --- [rebuy-backend] [           main] j.LocalContainerEntityManagerFactoryBean : Closing JPA EntityManagerFactory for persistence unit 'default'
2025-11-23T06:46:13.302+09:00  INFO 15447 --- [rebuy-backend] [           main] com.zaxxer.hikari.HikariDataSource       : HikariPool-1 - Shutdown initiated...
2025-11-23T06:46:13.304+09:00  INFO 15447 --- [rebuy-backend] [           main] com.zaxxer.hikari.HikariDataSource       : HikariPool-1 - Shutdown completed.
2025-11-23T06:46:13.319+09:00  INFO 15447 --- [rebuy-backend] [           main] .s.b.a.l.ConditionEvaluationReportLogger : 

Error starting ApplicationContext. To display the condition evaluation report re-run your application with 'debug' enabled.
2025-11-23T06:46:13.346+09:00 ERROR 15447 --- [rebuy-backend] [           main] o.s.b.d.LoggingFailureAnalysisReporter   : 

***************************
APPLICATION FAILED TO START
***************************

Description:

Web server failed to start. Port 8080 was already in use.

Action:

Identify and stop the process that's listening on port 8080 or configure this application to listen on another port.


> Task :bootRun FAILED

[Incubating] Problems report is available at: file:///Users/leejeongmin/ReBuy/build/reports/problems/problems-report.html

FAILURE: Build failed with an exception.

* What went wrong:
Execution failed for task ':bootRun'.
> Process 'command '/opt/homebrew/Cellar/openjdk@17/17.0.15/libexec/openjdk.jdk/Contents/Home/bin/java'' finished with non-zero exit value 1

* Try:
> Run with --stacktrace option to get the stack trace.
> Run with --info or --debug option to get more log output.
> Run with --scan to get full insights.
> Get more help at https://help.gradle.org.

Deprecated Gradle features were used in this build, making it incompatible with Gradle 9.0.

You can use '--warning-mode all' to show the individual deprecation warnings and determine if they come from your own scripts or plugins.

For more on this, please refer to https://docs.gradle.org/8.14/userguide/command_line_interface.html#sec:command_line_warnings in the Gradle documentation.

BUILD FAILED in 9s
4 actionable tasks: 1 executed, 3 up-to-date
